// Jest Snapshot v1, https://goo.gl/fbAQLP

exports[`Renders correctly 1`] = `
<div
  className="App"
>
  <form
    className="searchBar"
    onSubmit={[Function]}
  >
    <input
      className="inputBox"
      onChange={[Function]}
      type="text"
      value=""
    />
    <select
      className="genre"
      onChange={[Function]}
      value="all"
    >
      <option
        value="all"
      >
        All
      </option>
       
      <option
        value="movie"
      >
        Movie
      </option>
      <option
        value="podcast"
      >
        Podcast
      </option>
      <option
        value="music"
      >
        Music
      </option>
      <option
        value="audiobook"
      >
        Audiobook
      </option>
      <option
        value="shortFilm"
      >
        Short Film
      </option>
      <option
        value="tvShow"
      >
        Tv show
      </option>
      <option
        value="software"
      >
        Software
      </option>
      <option
        value="ebook"
      >
        Ebook
      </option>
    </select>
    <button
      className="button"
      type="submit"
    >
      Search
    </button>
  </form>
  <ul>
    <div
      className="results-container"
    />
  </ul>
  <div>
    <h3
      className="favHeading"
    >
      Favourites
    </h3>
    <table
      className="table"
    >
      <tbody>
        <tr />
      </tbody>
    </table>
  </div>
</div>
`;
